#-----------------------------------------------------------
# Vivado v2023.2 (64-bit)
# SW Build 4029153 on Fri Oct 13 20:14:34 MDT 2023
# IP Build 4028589 on Sat Oct 14 00:45:43 MDT 2023
# SharedData Build 4025554 on Tue Oct 10 17:18:54 MDT 2023
# Start of session at: Thu Feb  1 01:24:26 2024
# Process ID: 14092
# Current directory: C:/Users/fossu/Desktop/IC_contest/110_IC_Contest_Preround/Verilog/JAM_Vivado
# Command line: vivado.exe -gui_launcher_event rodinguilauncherevent1356 C:\Users\fossu\Desktop\IC_contest\110_IC_Contest_Preround\Verilog\JAM_Vivado\JAM.xpr
# Log file: C:/Users/fossu/Desktop/IC_contest/110_IC_Contest_Preround/Verilog/JAM_Vivado/vivado.log
# Journal file: C:/Users/fossu/Desktop/IC_contest/110_IC_Contest_Preround/Verilog/JAM_Vivado\vivado.jou
# Running On: DESKTOP-5RUADSS, OS: Windows, CPU Frequency: 3593 MHz, CPU Physical cores: 12, Host memory: 34287 MB
#-----------------------------------------------------------
start_gui
open_project C:/Users/fossu/Desktop/IC_contest/110_IC_Contest_Preround/Verilog/JAM_Vivado/JAM.xpr
update_compile_order -fileset sources_1
launch_simulation
open_wave_config C:/Users/fossu/Desktop/IC_contest/110_IC_Contest_Preround/Verilog/JAM_Vivado/testfixture_behav.wcfg
source testfixture.tcl
run all
close_sim
launch_simulation
launch_simulation
open_wave_config C:/Users/fossu/Desktop/IC_contest/110_IC_Contest_Preround/Verilog/JAM_Vivado/testfixture_behav.wcfg
source testfixture.tcl
run 10 us
relaunch_sim
run all
close_sim
